// Jest Snapshot v1, https://goo.gl/fbAQLP

exports[`<Nav/> renders a full nav when signed in 1`] = `
<div>
  <ul
    class="NavStyles-sc-11c0d2g-0 cHJqBj"
  >
    <a
      href="/products"
    >
      Products
    </a>
    <a
      href="/sell"
    >
      Sell
    </a>
    <a
      href="/orders"
    >
      Orders
    </a>
    <a
      href="/account"
    >
      Account
    </a>
    <button
      type="button"
    >
      Sign out
    </button>
    <button
      type="button"
    >
      My cart
       
      <span
        class="CartCount__AnimationStyles-sc-xxvp4g-1 hNdwpB"
      >
        <div>
          <div
            class="CartCount__Dot-sc-xxvp4g-0 iephzA count"
          >
            0
          </div>
        </div>
      </span>
    </button>
  </ul>
</div>
`;

exports[`<Nav/> renders signed out user 1`] = `
<div>
  <ul
    class="NavStyles-sc-11c0d2g-0 cHJqBj"
  >
    <a
      href="/products"
    >
      Products
    </a>
    <a
      href="/signin"
    >
      Sign in
    </a>
  </ul>
</div>
`;

exports[`<Nav/> renders the amount of items in the cart 1`] = `
<div>
  <ul
    class="NavStyles-sc-11c0d2g-0 cHJqBj"
  >
    <a
      href="/products"
    >
      Products
    </a>
    <a
      href="/sell"
    >
      Sell
    </a>
    <a
      href="/orders"
    >
      Orders
    </a>
    <a
      href="/account"
    >
      Account
    </a>
    <button
      type="button"
    >
      Sign out
    </button>
    <button
      type="button"
    >
      My cart
       
      <span
        class="CartCount__AnimationStyles-sc-xxvp4g-1 hNdwpB"
      >
        <div>
          <div
            class="CartCount__Dot-sc-xxvp4g-0 iephzA count"
          >
            3
          </div>
        </div>
      </span>
    </button>
  </ul>
</div>
`;
